Windows fatal exception: stack overflow

Thread 0x00000dac (most recent call first):
  File "C:\Users\User\AppData\Local\Programs\Python\Python312\Lib\json\encoder.py", line 303 in _iterencode_list
  File "C:\Users\User\AppData\Local\Programs\Python\Python312\Lib\json\encoder.py", line 430 in _iterencode
  File "C:\Users\User\AppData\Local\Programs\Python\Python312\Lib\json\encoder.py", line 202 in encode
  File "C:\Users\User\AppData\Local\Programs\Python\Python312\Lib\json\__init__.py", line 238 in dumps
  File "C:\Users\User\AppData\Local\Programs\Python\Python312\Lib\site-packages\_pytest\cacheprovider.py", line 191 in set
  File "C:\Users\User\AppData\Local\Programs\Python\Python312\Lib\site-packages\_pytest\cacheprovider.py", line 475 in pytest_sessionfinish
  File "C:\Users\User\AppData\Local\Programs\Python\Python312\Lib\site-packages\pluggy\_callers.py", line 121 in _multicall
  File "C:\Users\User\AppData\Local\Programs\Python\Python312\Lib\site-packages\pluggy\_manager.py", line 120 in _hookexec
  File "C:\Users\User\AppData\Local\Programs\Python\Python312\Lib\site-packages\pluggy\_hooks.py", line 512 in __call__
  File "C:\Users\User\AppData\Local\Programs\Python\Python312\Lib\site-packages\_pytest\main.py", line 353 in wrap_session
  File "C:\Users\User\AppData\Local\Programs\Python\Python312\Lib\site-packages\_pytest\main.py", line 365 in pytest_cmdline_main
  File "C:\Users\User\AppData\Local\Programs\Python\Python312\Lib\site-packages\pluggy\_callers.py", line 121 in _multicall
  File "C:\Users\User\AppData\Local\Programs\Python\Python312\Lib\site-packages\pluggy\_manager.py", line 120 in _hookexec
  File "C:\Users\User\AppData\Local\Programs\Python\Python312\Lib\site-packages\pluggy\_hooks.py", line 512 in __call__
  File "C:\Users\User\AppData\Local\Programs\Python\Python312\Lib\site-packages\_pytest\config\__init__.py", line 199 in main
  File "C:\Users\User\AppData\Local\Programs\Python\Python312\Lib\site-packages\_pytest\config\__init__.py", line 223 in console_main
  File "C:\Users\User\AppData\Local\Programs\Python\Python312\Lib\site-packages\pytest\__main__.py", line 9 in <module>
  File "<frozen runpy>", line 88 in _run_code
  File "<frozen runpy>", line 198 in _run_module_as_main
